2019/03/26 23:34:53 log.go:19: exit!! open fdfsdfsdf: no such file or directory
